---
source: crates/biome_formatter_test/src/snapshot_builder.rs
info: css/declaration_list.css
---

# Input

```css
.empty {  }
.oneDeclaration { color     : blue; }
.multipleDeclarations { color     : blue   ;  background-color  : red; }

.newline {
    color: blue; background-color: red;
}

.empty-line {
    color: blue;
    
    background-color: red;
}
.grouping {
color: blue   ;color: green    ;
    color  : red ;
    

        background-color:      red;
    font-size:   12px;
    
    
    font-weight   :   700;
}
```


=============================

# Outputs

## Output 1

-----
Indent style: Tab
Indent width: 2
Line ending: LF
Line width: 80
-----

```css
.empty {
}
.oneDeclaration {
	color: blue;
}
.multipleDeclarations {
	color: blue;
	background-color: red;
}

.newline {
	color: blue;
	background-color: red;
}

.empty-line {
	color: blue;

	background-color: red;
}
.grouping {
	color: blue;
	color: green;
	color: red;

	background-color: red;
	font-size: 12px;

	font-weight: 700;
}
```



## Unimplemented nodes/tokens

" 12p" => 307..311
" 70" => 328..331

