---
source: crates/biome_js_analyze/tests/spec_tests.rs
expression: unorganized-bare-export-specifiers.js
---
# Input
```js
export { b, a }

```

# Diagnostics
```
unorganized-bare-export-specifiers.js assist/source/organizeImports  FIXABLE  ━━━━━━━━━━━━━━━━━━━━━━

  i Some imports or exports are not organized.
  
  i Sort the imported or exported names.
  
  > 1 │ export { b, a }
      │ ^^^^^^^^^^^^^^^
    2 │ 
  
  i Safe fix: Organize Imports (Biome)
  
    1   │ - export·{·b,·a·}
      1 │ + export·{·a,·b·}
    2 2 │   
  

```
