---
source: crates/biome_js_analyze/tests/spec_tests.rs
expression: instanceClassificationInvalid.ts
---
# Input
```ts
// should generate diagnostics

function alwaysTruthyPromise(p: Promise<void>) {
	// A promise instance is always an object, so this condition is always truthy.
	if (p) {
		p;
	}
}

```

# Diagnostics
```
instanceClassificationInvalid.ts:5:6 lint/suspicious/noUnnecessaryConditions ━━━━━━━━━━━━━━━━━━━━━━━

  ! This condition is always truthy.
  
    3 │ function alwaysTruthyPromise(p: Promise<void>) {
    4 │ 	// A promise instance is always an object, so this condition is always truthy.
  > 5 │ 	if (p) {
      │ 	    ^
    6 │ 		p;
    7 │ 	}
  
  i The value's type can never be falsy, so this check is redundant.
  

```
