---
source: crates/biome_js_analyze/tests/spec_tests.rs
expression: valid-export-default-setup.vue
---
# Input
```ts
import { ref } from 'vue'
export default {
	setup() {
		const count = ref(0)
		console.log(count.value) // 0

		count.value++
		console.log(count.value) // 1
		return {
			count
		}
	}
}

```
