---
source: crates/biome_js_analyze/tests/spec_tests.rs
expression: invalid.tsx
---
# Input
```tsx
/* should generate diagnostics */
import { useEffect } from "react";

function Invalid1() {
  useEffect(() => {
    setInterval(() => {}, 1000);
  }, []);
}

function Invalid2() {
  useEffect(() => {
    window.setInterval(() => {}, 1000);
  }, []);
}

function Invalid3() {
  useEffect(() => {
    const intervalId = global.setInterval(() => {}, 1000);
  }, []);
}

function Invalid4() {
  useEffect(() => {
    const intervalId = globalThis.setInterval(() => {}, 1000);
  }, []);
}

function Invalid5() {
  useEffect(() => {
    const intervalId = setInterval(() => {}, 1000) as number;
  }, []);
}

function Invalid6() {
  useEffect(() => {
    (setInterval as any)(() => {}, 1000);
  }, []);
}

```

# Diagnostics
```
invalid.tsx:6:5 lint/nursery/noReactLeakedInterval ━━━━━━━━━━━━━━━━━━━━━━━━━━━━━━━━━━━━━━━━━━━━━━━━━

  i A setInterval created in an effect must be cleared in the cleanup function.
  
    4 │ function Invalid1() {
    5 │   useEffect(() => {
  > 6 │     setInterval(() => {}, 1000);
      │     ^^^^^^^^^^^^^^^^^^^^^^^^^^^
    7 │   }, []);
    8 │ }
  
  i Not clearing the interval can cause memory leaks and trigger state updates on an unmounted component.
  
  i Return a cleanup function from the effect that calls clearInterval with the interval ID.
  
  i This rule belongs to the nursery group, which means it is not yet stable and may change in the future. Visit https://biomejs.dev/linter/#nursery for more information.
  

```

```
invalid.tsx:12:5 lint/nursery/noReactLeakedInterval ━━━━━━━━━━━━━━━━━━━━━━━━━━━━━━━━━━━━━━━━━━━━━━━━

  i A setInterval created in an effect must be cleared in the cleanup function.
  
    10 │ function Invalid2() {
    11 │   useEffect(() => {
  > 12 │     window.setInterval(() => {}, 1000);
       │     ^^^^^^^^^^^^^^^^^^^^^^^^^^^^^^^^^^
    13 │   }, []);
    14 │ }
  
  i Not clearing the interval can cause memory leaks and trigger state updates on an unmounted component.
  
  i Return a cleanup function from the effect that calls clearInterval with the interval ID.
  
  i This rule belongs to the nursery group, which means it is not yet stable and may change in the future. Visit https://biomejs.dev/linter/#nursery for more information.
  

```

```
invalid.tsx:18:24 lint/nursery/noReactLeakedInterval ━━━━━━━━━━━━━━━━━━━━━━━━━━━━━━━━━━━━━━━━━━━━━━━

  i A setInterval created in an effect must be cleared in the cleanup function.
  
    16 │ function Invalid3() {
    17 │   useEffect(() => {
  > 18 │     const intervalId = global.setInterval(() => {}, 1000);
       │                        ^^^^^^^^^^^^^^^^^^^^^^^^^^^^^^^^^^
    19 │   }, []);
    20 │ }
  
  i Not clearing the interval can cause memory leaks and trigger state updates on an unmounted component.
  
  i Return a cleanup function from the effect that calls clearInterval with the interval ID.
  
  i This rule belongs to the nursery group, which means it is not yet stable and may change in the future. Visit https://biomejs.dev/linter/#nursery for more information.
  

```

```
invalid.tsx:24:24 lint/nursery/noReactLeakedInterval ━━━━━━━━━━━━━━━━━━━━━━━━━━━━━━━━━━━━━━━━━━━━━━━

  i A setInterval created in an effect must be cleared in the cleanup function.
  
    22 │ function Invalid4() {
    23 │   useEffect(() => {
  > 24 │     const intervalId = globalThis.setInterval(() => {}, 1000);
       │                        ^^^^^^^^^^^^^^^^^^^^^^^^^^^^^^^^^^^^^^
    25 │   }, []);
    26 │ }
  
  i Not clearing the interval can cause memory leaks and trigger state updates on an unmounted component.
  
  i Return a cleanup function from the effect that calls clearInterval with the interval ID.
  
  i This rule belongs to the nursery group, which means it is not yet stable and may change in the future. Visit https://biomejs.dev/linter/#nursery for more information.
  

```

```
invalid.tsx:30:24 lint/nursery/noReactLeakedInterval ━━━━━━━━━━━━━━━━━━━━━━━━━━━━━━━━━━━━━━━━━━━━━━━

  i A setInterval created in an effect must be cleared in the cleanup function.
  
    28 │ function Invalid5() {
    29 │   useEffect(() => {
  > 30 │     const intervalId = setInterval(() => {}, 1000) as number;
       │                        ^^^^^^^^^^^^^^^^^^^^^^^^^^^
    31 │   }, []);
    32 │ }
  
  i Not clearing the interval can cause memory leaks and trigger state updates on an unmounted component.
  
  i Return a cleanup function from the effect that calls clearInterval with the interval ID.
  
  i This rule belongs to the nursery group, which means it is not yet stable and may change in the future. Visit https://biomejs.dev/linter/#nursery for more information.
  

```

```
invalid.tsx:36:5 lint/nursery/noReactLeakedInterval ━━━━━━━━━━━━━━━━━━━━━━━━━━━━━━━━━━━━━━━━━━━━━━━━

  i A setInterval created in an effect must be cleared in the cleanup function.
  
    34 │ function Invalid6() {
    35 │   useEffect(() => {
  > 36 │     (setInterval as any)(() => {}, 1000);
       │     ^^^^^^^^^^^^^^^^^^^^^^^^^^^^^^^^^^^^
    37 │   }, []);
    38 │ }
  
  i Not clearing the interval can cause memory leaks and trigger state updates on an unmounted component.
  
  i Return a cleanup function from the effect that calls clearInterval with the interval ID.
  
  i This rule belongs to the nursery group, which means it is not yet stable and may change in the future. Visit https://biomejs.dev/linter/#nursery for more information.
  

```
