---
source: crates/biome_cli/src/execute/migrate/eslint_to_biome.rs
expression: withOptions.jsonc
---
## ESLint Config

```json
{
	"rules": {
		"vitest/consistent-test-it": [
			"error",
			{ "fn": "it", "withinDescribe": "test" }
		]
	}
}

```

## Biome Config Before Migration

```json
{}

```

## Biome Config After Migration

```json
{
	"linter": {
		"rules": {
			"recommended": false,
			"nursery": {
				"useConsistentTestIt": {
					"level": "error",
					"options": { "function": "it", "withinDescribe": "test" }
				}
			}
		}
	}
}

```
