---
source: crates/biome_js_analyze/tests/spec_tests.rs
expression: invalidStoreDereference.ts
---
# Input
```ts
const store = 1;
$store;

```

# Diagnostics
```
invalidStoreDereference.ts:2:1 lint/correctness/noUndeclaredVariables ━━━━━━━━━━━━━━━━━━━━━━━━━━━━━━

  × The $store variable is undeclared.
  
    1 │ const store = 1;
  > 2 │ $store;
      │ ^^^^^^
    3 │ 
  
  i By default, Biome recognizes browser and Node.js globals.
    You can ignore more globals using the javascript.globals configuration.
  

```
