---
source: crates/biome_html_analyze/tests/spec_tests.rs
expression: invalidComponent.vue
---
# Input
```vue
<!-- should generate diagnostics -->
<template><custom-component v-if="foo"></custom-component></template>

```

# Diagnostics
```
invalidComponent.vue:2:29 lint/nursery/noVueRootVIf ━━━━━━━━━━━━━━━━━━━━━━━━━━━━━━━━━━━━━━━━━━━━━━━━

  i The root element of this template is conditionally rendered with v-if.
  
    1 │ <!-- should generate diagnostics -->
  > 2 │ <template><custom-component v-if="foo"></custom-component></template>
      │                             ^^^^^^^^^^
    3 │ 
  
  i When the condition is false, the component renders nothing, which hides the condition from the parent component.
  
  i Move the v-if to the parent component where this component is used, or add a v-else branch.
  
  i This rule belongs to the nursery group, which means it is not yet stable and may change in the future. Visit https://biomejs.dev/linter/#nursery for more information.
  

```
