---
source: crates/biome_js_analyze/tests/spec_tests.rs
assertion_line: 196
expression: invalidTs.svelte
---
# Input
```svelte
<!-- should generate diagnostics -->
<script lang="ts">
	const wrapped = (new Date() as Date);
	wrapped.setTime(0);

	const map = new Map<string, number>()!;
	map.set("one", 1);

	const set = $state(new Set<number>()) satisfies Set<number>;
	set.add(1);
</script>

```

# Diagnostics
```
invalidTs.svelte:3:19 lint/nursery/useSvelteReactiveClasses ━━━━━━━━━━━━━━━━━━━━━━━━━━━━━━━━━━━━━━━━

  ! This Date is modified, but Svelte doesn't detect changes to it.
  
    1 │ <!-- should generate diagnostics -->
    2 │ <script lang="ts">
  > 3 │ 	const wrapped = (new Date() as Date);
      │ 	                 ^^^^^^^^^^
    4 │ 	wrapped.setTime(0);
    5 │ 
  
  i It's modified here.
  
    2 │ <script lang="ts">
    3 │ 	const wrapped = (new Date() as Date);
  > 4 │ 	wrapped.setTime(0);
      │ 	^^^^^^^^^^^^^^^^^^
    5 │ 
    6 │ 	const map = new Map<string, number>()!;
  
  i Svelte doesn't detect changes made inside a built-in Date, so the parts of the page that use it don't update.
  
  i Use SvelteDate from svelte/reactivity instead.
  
  i This rule belongs to the nursery group, which means it is not yet stable and may change in the future. Visit https://biomejs.dev/linter/#nursery for more information.
  

```

```
invalidTs.svelte:6:14 lint/nursery/useSvelteReactiveClasses ━━━━━━━━━━━━━━━━━━━━━━━━━━━━━━━━━━━━━━━━

  ! This Map is modified, but Svelte doesn't detect changes to it.
  
    4 │ 	wrapped.setTime(0);
    5 │ 
  > 6 │ 	const map = new Map<string, number>()!;
      │ 	            ^^^^^^^^^^^^^^^^^^^^^^^^^
    7 │ 	map.set("one", 1);
    8 │ 
  
  i It's modified here.
  
    6 │ 	const map = new Map<string, number>()!;
  > 7 │ 	map.set("one", 1);
      │ 	^^^^^^^^^^^^^^^^^
    8 │ 
    9 │ 	const set = $state(new Set<number>()) satisfies Set<number>;
  
  i Svelte doesn't detect changes made inside a built-in Map, so the parts of the page that use it don't update.
  
  i Use SvelteMap from svelte/reactivity instead.
  
  i This rule belongs to the nursery group, which means it is not yet stable and may change in the future. Visit https://biomejs.dev/linter/#nursery for more information.
  

```

```
invalidTs.svelte:9:21 lint/nursery/useSvelteReactiveClasses ━━━━━━━━━━━━━━━━━━━━━━━━━━━━━━━━━━━━━━━━

  ! This Set is modified, but Svelte doesn't detect changes to it.
  
     7 │ 	map.set("one", 1);
     8 │ 
   > 9 │ 	const set = $state(new Set<number>()) satisfies Set<number>;
       │ 	                   ^^^^^^^^^^^^^^^^^
    10 │ 	set.add(1);
    11 │ </script>
  
  i It's modified here.
  
     9 │ 	const set = $state(new Set<number>()) satisfies Set<number>;
  > 10 │ 	set.add(1);
       │ 	^^^^^^^^^^
    11 │ </script>
    12 │ 
  
  i Svelte doesn't detect changes made inside a built-in Set, so the parts of the page that use it don't update.
  
  i Use SvelteSet from svelte/reactivity instead.
  
  i This rule belongs to the nursery group, which means it is not yet stable and may change in the future. Visit https://biomejs.dev/linter/#nursery for more information.
  

```
