---
source: crates/biome_cli/tests/snap_test.rs
expression: redactor(content)
---
## `file.graphql`

```graphql
query {
  member @deprecated {
		id
	}
}
```

# Emitted Messages

```block
file.graphql:2:10 lint/style/useDeprecatedReason ━━━━━━━━━━━━━━━━━━━━━━━━━━━━━━━━━━━━━━━━━━━━━━━━━━━

  ! The directive `@deprecated` should have a `reason` argument.
  
    1 │ query {
  > 2 │   member @deprecated {
      │          ^^^^^^^^^^^
    3 │ 		id
    4 │ 	}
  
  i Add a `reason` argument to the directive.
  

```

```block
Checked 1 file in <TIME>. No fixes applied.
Found 1 warning.
```
