---
source: crates/biome_js_analyze/tests/spec_tests.rs
expression: issue4567.js
snapshot_kind: text
---
# Input
```js
import {useCallback,utte } from"react";
function{
  const [width,(dh]  = useCallback(() =>{ width) }, [w

```

# Diagnostics
```
issue4567.js:3:24 lint/correctness/useExhaustiveDependencies ━━━━━━━━━━━━━━━━━━━━━━━━━━━━━━━━━━━━━━━

  × This hook specifies more dependencies than necessary: w
  
    1 │ import {useCallback,utte } from"react";
    2 │ function{
  > 3 │   const [width,(dh]  = useCallback(() =>{ width) }, [w
      │                        ^^^^^^^^^^^
    4 │ 
  
  i This dependency can be removed from the list.
  
    1 │ import {useCallback,utte } from"react";
    2 │ function{
  > 3 │   const [width,(dh]  = useCallback(() =>{ width) }, [w
      │                                                      ^
    4 │ 
  

```
