---
source: crates/biome_html_analyze/tests/spec_tests.rs
expression: valid.html
---
# Input
```html
<!-- should not generate diagnostics -->
<html lang="en-US"></html>;
<html lang="en"></html>;
<html lang="nb"></html>;
<html lang="nn"></html>;
<html lang="zh-Hant"></html>;
<html lang="zh-Hans-CN"></html>;

```
