---
source: crates/biome_js_analyze/tests/spec_tests.rs
expression: invalid.js
---
# Input
```js
/* No separators at all. */

// Integers
var a = 10000;
a = 100000;
a = 1000000;
a = 10000000;
a = 1234567890;

// Floats
a = 3.1415926;
a = 99999.99;

// Signed

a = -10000;
a = -3.1415926;
a = +10000;
a = +3.1415926;

/* Inconsistent digit grouping with separators. */

// Integers
a = 100_00;
a = 10_0000;

// Floats
a = 1.2_3_4567_89

/* Octal/binary/hexadecimal */

a = 0b101010;
a = 0b1010_10001;
a = 0xA_B_CD_EF;
a = 0o77_77;

123.456e-123456
a = 123.456e1234;
a = 123.456E21;
3.1415926
.123456789
3.1E+12
.1e-23

```

# Diagnostics
```
invalid.js:4:9 lint/nursery/useNumericSeparators  FIXABLE  ━━━━━━━━━━━━━━━━━━━━━━━━━━━━━━━━━━━━━━━━━

  i Long numeric literal lacks separators
  
    3 │ // Integers
  > 4 │ var a = 10000;
      │         ^^^^^
    5 │ a = 100000;
    6 │ a = 1000000;
  
  i Safe fix: Add numeric separators
  
     2  2 │   
     3  3 │   // Integers
     4    │ - var·a·=·10000;
        4 │ + var·a·=·10_000;
     5  5 │   a = 100000;
     6  6 │   a = 1000000;
  

```

```
invalid.js:5:5 lint/nursery/useNumericSeparators  FIXABLE  ━━━━━━━━━━━━━━━━━━━━━━━━━━━━━━━━━━━━━━━━━

  i Long numeric literal lacks separators
  
    3 │ // Integers
    4 │ var a = 10000;
  > 5 │ a = 100000;
      │     ^^^^^^
    6 │ a = 1000000;
    7 │ a = 10000000;
  
  i Safe fix: Add numeric separators
  
     3  3 │   // Integers
     4  4 │   var a = 10000;
     5    │ - a·=·100000;
        5 │ + a·=·100_000;
     6  6 │   a = 1000000;
     7  7 │   a = 10000000;
  

```

```
invalid.js:6:5 lint/nursery/useNumericSeparators  FIXABLE  ━━━━━━━━━━━━━━━━━━━━━━━━━━━━━━━━━━━━━━━━━

  i Long numeric literal lacks separators
  
    4 │ var a = 10000;
    5 │ a = 100000;
  > 6 │ a = 1000000;
      │     ^^^^^^^
    7 │ a = 10000000;
    8 │ a = 1234567890;
  
  i Safe fix: Add numeric separators
  
     4  4 │   var a = 10000;
     5  5 │   a = 100000;
     6    │ - a·=·1000000;
        6 │ + a·=·1_000_000;
     7  7 │   a = 10000000;
     8  8 │   a = 1234567890;
  

```

```
invalid.js:7:5 lint/nursery/useNumericSeparators  FIXABLE  ━━━━━━━━━━━━━━━━━━━━━━━━━━━━━━━━━━━━━━━━━

  i Long numeric literal lacks separators
  
    5 │ a = 100000;
    6 │ a = 1000000;
  > 7 │ a = 10000000;
      │     ^^^^^^^^
    8 │ a = 1234567890;
    9 │ 
  
  i Safe fix: Add numeric separators
  
     5  5 │   a = 100000;
     6  6 │   a = 1000000;
     7    │ - a·=·10000000;
        7 │ + a·=·10_000_000;
     8  8 │   a = 1234567890;
     9  9 │   
  

```

```
invalid.js:8:5 lint/nursery/useNumericSeparators  FIXABLE  ━━━━━━━━━━━━━━━━━━━━━━━━━━━━━━━━━━━━━━━━━

  i Long numeric literal lacks separators
  
     6 │ a = 1000000;
     7 │ a = 10000000;
   > 8 │ a = 1234567890;
       │     ^^^^^^^^^^
     9 │ 
    10 │ // Floats
  
  i Safe fix: Add numeric separators
  
     6  6 │   a = 1000000;
     7  7 │   a = 10000000;
     8    │ - a·=·1234567890;
        8 │ + a·=·1_234_567_890;
     9  9 │   
    10 10 │   // Floats
  

```

```
invalid.js:11:5 lint/nursery/useNumericSeparators  FIXABLE  ━━━━━━━━━━━━━━━━━━━━━━━━━━━━━━━━━━━━━━━━

  i Long numeric literal lacks separators
  
    10 │ // Floats
  > 11 │ a = 3.1415926;
       │     ^^^^^^^^^
    12 │ a = 99999.99;
    13 │ 
  
  i Safe fix: Add numeric separators
  
     9  9 │   
    10 10 │   // Floats
    11    │ - a·=·3.1415926;
       11 │ + a·=·3.141_592_6;
    12 12 │   a = 99999.99;
    13 13 │   
  

```

```
invalid.js:12:5 lint/nursery/useNumericSeparators  FIXABLE  ━━━━━━━━━━━━━━━━━━━━━━━━━━━━━━━━━━━━━━━━

  i Long numeric literal lacks separators
  
    10 │ // Floats
    11 │ a = 3.1415926;
  > 12 │ a = 99999.99;
       │     ^^^^^^^^
    13 │ 
    14 │ // Signed
  
  i Safe fix: Add numeric separators
  
    10 10 │   // Floats
    11 11 │   a = 3.1415926;
    12    │ - a·=·99999.99;
       12 │ + a·=·99_999.99;
    13 13 │   
    14 14 │   // Signed
  

```

```
invalid.js:16:6 lint/nursery/useNumericSeparators  FIXABLE  ━━━━━━━━━━━━━━━━━━━━━━━━━━━━━━━━━━━━━━━━

  i Long numeric literal lacks separators
  
    14 │ // Signed
    15 │ 
  > 16 │ a = -10000;
       │      ^^^^^
    17 │ a = -3.1415926;
    18 │ a = +10000;
  
  i Safe fix: Add numeric separators
  
    14 14 │   // Signed
    15 15 │   
    16    │ - a·=·-10000;
       16 │ + a·=·-10_000;
    17 17 │   a = -3.1415926;
    18 18 │   a = +10000;
  

```

```
invalid.js:17:6 lint/nursery/useNumericSeparators  FIXABLE  ━━━━━━━━━━━━━━━━━━━━━━━━━━━━━━━━━━━━━━━━

  i Long numeric literal lacks separators
  
    16 │ a = -10000;
  > 17 │ a = -3.1415926;
       │      ^^^^^^^^^
    18 │ a = +10000;
    19 │ a = +3.1415926;
  
  i Safe fix: Add numeric separators
  
    15 15 │   
    16 16 │   a = -10000;
    17    │ - a·=·-3.1415926;
       17 │ + a·=·-3.141_592_6;
    18 18 │   a = +10000;
    19 19 │   a = +3.1415926;
  

```

```
invalid.js:18:6 lint/nursery/useNumericSeparators  FIXABLE  ━━━━━━━━━━━━━━━━━━━━━━━━━━━━━━━━━━━━━━━━

  i Long numeric literal lacks separators
  
    16 │ a = -10000;
    17 │ a = -3.1415926;
  > 18 │ a = +10000;
       │      ^^^^^
    19 │ a = +3.1415926;
    20 │ 
  
  i Safe fix: Add numeric separators
  
    16 16 │   a = -10000;
    17 17 │   a = -3.1415926;
    18    │ - a·=·+10000;
       18 │ + a·=·+10_000;
    19 19 │   a = +3.1415926;
    20 20 │   
  

```

```
invalid.js:19:6 lint/nursery/useNumericSeparators  FIXABLE  ━━━━━━━━━━━━━━━━━━━━━━━━━━━━━━━━━━━━━━━━

  i Long numeric literal lacks separators
  
    17 │ a = -3.1415926;
    18 │ a = +10000;
  > 19 │ a = +3.1415926;
       │      ^^^^^^^^^
    20 │ 
    21 │ /* Inconsistent digit grouping with separators. */
  
  i Safe fix: Add numeric separators
  
    17 17 │   a = -3.1415926;
    18 18 │   a = +10000;
    19    │ - a·=·+3.1415926;
       19 │ + a·=·+3.141_592_6;
    20 20 │   
    21 21 │   /* Inconsistent digit grouping with separators. */
  

```

```
invalid.js:24:5 lint/nursery/useNumericSeparators  FIXABLE  ━━━━━━━━━━━━━━━━━━━━━━━━━━━━━━━━━━━━━━━━

  i Inconsistent grouping of digits in numeric literal
  
    23 │ // Integers
  > 24 │ a = 100_00;
       │     ^^^^^^
    25 │ a = 10_0000;
    26 │ 
  
  i Safe fix: Fix numeric separator grouping
  
    22 22 │   
    23 23 │   // Integers
    24    │ - a·=·100_00;
       24 │ + a·=·10_000;
    25 25 │   a = 10_0000;
    26 26 │   
  

```

```
invalid.js:25:5 lint/nursery/useNumericSeparators  FIXABLE  ━━━━━━━━━━━━━━━━━━━━━━━━━━━━━━━━━━━━━━━━

  i Inconsistent grouping of digits in numeric literal
  
    23 │ // Integers
    24 │ a = 100_00;
  > 25 │ a = 10_0000;
       │     ^^^^^^^
    26 │ 
    27 │ // Floats
  
  i Safe fix: Fix numeric separator grouping
  
    23 23 │   // Integers
    24 24 │   a = 100_00;
    25    │ - a·=·10_0000;
       25 │ + a·=·100_000;
    26 26 │   
    27 27 │   // Floats
  

```

```
invalid.js:28:5 lint/nursery/useNumericSeparators  FIXABLE  ━━━━━━━━━━━━━━━━━━━━━━━━━━━━━━━━━━━━━━━━

  i Inconsistent grouping of digits in numeric literal
  
    27 │ // Floats
  > 28 │ a = 1.2_3_4567_89
       │     ^^^^^^^^^^^^^
    29 │ 
    30 │ /* Octal/binary/hexadecimal */
  
  i Safe fix: Fix numeric separator grouping
  
    26 26 │   
    27 27 │   // Floats
    28    │ - a·=·1.2_3_4567_89
       28 │ + a·=·1.234_567_89
    29 29 │   
    30 30 │   /* Octal/binary/hexadecimal */
  

```

```
invalid.js:32:5 lint/nursery/useNumericSeparators  FIXABLE  ━━━━━━━━━━━━━━━━━━━━━━━━━━━━━━━━━━━━━━━━

  i Long numeric literal lacks separators
  
    30 │ /* Octal/binary/hexadecimal */
    31 │ 
  > 32 │ a = 0b101010;
       │     ^^^^^^^^
    33 │ a = 0b1010_10001;
    34 │ a = 0xA_B_CD_EF;
  
  i Safe fix: Add numeric separators
  
    30 30 │   /* Octal/binary/hexadecimal */
    31 31 │   
    32    │ - a·=·0b101010;
       32 │ + a·=·0b10_1010;
    33 33 │   a = 0b1010_10001;
    34 34 │   a = 0xA_B_CD_EF;
  

```

```
invalid.js:33:5 lint/nursery/useNumericSeparators  FIXABLE  ━━━━━━━━━━━━━━━━━━━━━━━━━━━━━━━━━━━━━━━━

  i Inconsistent grouping of digits in numeric literal
  
    32 │ a = 0b101010;
  > 33 │ a = 0b1010_10001;
       │     ^^^^^^^^^^^^
    34 │ a = 0xA_B_CD_EF;
    35 │ a = 0o77_77;
  
  i Safe fix: Fix numeric separator grouping
  
    31 31 │   
    32 32 │   a = 0b101010;
    33    │ - a·=·0b1010_10001;
       33 │ + a·=·0b1_0101_0001;
    34 34 │   a = 0xA_B_CD_EF;
    35 35 │   a = 0o77_77;
  

```

```
invalid.js:34:5 lint/nursery/useNumericSeparators  FIXABLE  ━━━━━━━━━━━━━━━━━━━━━━━━━━━━━━━━━━━━━━━━

  i Inconsistent grouping of digits in numeric literal
  
    32 │ a = 0b101010;
    33 │ a = 0b1010_10001;
  > 34 │ a = 0xA_B_CD_EF;
       │     ^^^^^^^^^^^
    35 │ a = 0o77_77;
    36 │ 
  
  i Safe fix: Fix numeric separator grouping
  
    32 32 │   a = 0b101010;
    33 33 │   a = 0b1010_10001;
    34    │ - a·=·0xA_B_CD_EF;
       34 │ + a·=·0xAB_CD_EF;
    35 35 │   a = 0o77_77;
    36 36 │   
  

```

```
invalid.js:35:5 lint/nursery/useNumericSeparators  FIXABLE  ━━━━━━━━━━━━━━━━━━━━━━━━━━━━━━━━━━━━━━━━

  i Unnecessary grouping of digits in numeric literal
  
    33 │ a = 0b1010_10001;
    34 │ a = 0xA_B_CD_EF;
  > 35 │ a = 0o77_77;
       │     ^^^^^^^
    36 │ 
    37 │ 123.456e-123456
  
  i Safe fix: Remove unnecessary numeric separators
  
    33 33 │   a = 0b1010_10001;
    34 34 │   a = 0xA_B_CD_EF;
    35    │ - a·=·0o77_77;
       35 │ + a·=·0o7777;
    36 36 │   
    37 37 │   123.456e-123456
  

```

```
invalid.js:37:1 lint/nursery/useNumericSeparators  FIXABLE  ━━━━━━━━━━━━━━━━━━━━━━━━━━━━━━━━━━━━━━━━

  i Long numeric literal lacks separators
  
    35 │ a = 0o77_77;
    36 │ 
  > 37 │ 123.456e-123456
       │ ^^^^^^^^^^^^^^^
    38 │ a = 123.456e1234;
    39 │ a = 123.456E21;
  
  i Safe fix: Add numeric separators
  
    35 35 │   a = 0o77_77;
    36 36 │   
    37    │ - 123.456e-123456
       37 │ + 123.456e-123_456
    38 38 │   a = 123.456e1234;
    39 39 │   a = 123.456E21;
  

```

```
invalid.js:38:5 lint/nursery/useNumericSeparators  FIXABLE  ━━━━━━━━━━━━━━━━━━━━━━━━━━━━━━━━━━━━━━━━

  i Long numeric literal lacks separators
  
    37 │ 123.456e-123456
  > 38 │ a = 123.456e1234;
       │     ^^^^^^^^^^^^
    39 │ a = 123.456E21;
    40 │ 3.1415926
  
  i Safe fix: Add numeric separators
  
    36 36 │   
    37 37 │   123.456e-123456
    38    │ - a·=·123.456e1234;
       38 │ + a·=·123.456e1_234;
    39 39 │   a = 123.456E21;
    40 40 │   3.1415926
  

```

```
invalid.js:40:1 lint/nursery/useNumericSeparators  FIXABLE  ━━━━━━━━━━━━━━━━━━━━━━━━━━━━━━━━━━━━━━━━

  i Long numeric literal lacks separators
  
    38 │ a = 123.456e1234;
    39 │ a = 123.456E21;
  > 40 │ 3.1415926
       │ ^^^^^^^^^
    41 │ .123456789
    42 │ 3.1E+12
  
  i Safe fix: Add numeric separators
  
    38 38 │   a = 123.456e1234;
    39 39 │   a = 123.456E21;
    40    │ - 3.1415926
       40 │ + 3.141_592_6
    41 41 │   .123456789
    42 42 │   3.1E+12
  

```

```
invalid.js:41:1 lint/nursery/useNumericSeparators  FIXABLE  ━━━━━━━━━━━━━━━━━━━━━━━━━━━━━━━━━━━━━━━━

  i Long numeric literal lacks separators
  
    39 │ a = 123.456E21;
    40 │ 3.1415926
  > 41 │ .123456789
       │ ^^^^^^^^^^
    42 │ 3.1E+12
    43 │ .1e-23
  
  i Safe fix: Add numeric separators
  
    39 39 │   a = 123.456E21;
    40 40 │   3.1415926
    41    │ - .123456789
       41 │ + .123_456_789
    42 42 │   3.1E+12
    43 43 │   .1e-23
  

```
