---
source: crates/biome_formatter_test/src/snapshot_builder.rs
info: yaml/spec/spec-example-7-12-plain-lines.yml
---
# Input

```yml
1st non-empty

 2nd non-empty 
	3rd non-empty

```


# Prettier differences

```diff
--- Prettier
+++ Biome
@@ -1,4 +1,4 @@
 1st non-empty
 
-2nd non-empty
-3rd non-empty
+ 2nd non-empty 
+	3rd non-empty
```

# Output

```yml
1st non-empty

 2nd non-empty 
	3rd non-empty
```
