---
source: crates/biome_formatter_test/src/snapshot_builder.rs
info: js/dynamic-import/template-literal.js
---
# Input

```js
module   =   await import(`data:text/javascript,
    console.log("RUN");
`);

module   =   await import(String.raw`data:text/javascript,
    console.log("RUN");
`);

```


# Prettier differences

```diff
--- Prettier
+++ Biome
@@ -1,7 +1,7 @@
-module = await (`data:text/javascript,
+module = await import(`data:text/javascript,
     console.log("RUN");
 `);
 
-module = await (String.raw`data:text/javascript,
+module = await import(String.raw`data:text/javascript,
     console.log("RUN");
 `);
```

# Output

```js
module = await import(`data:text/javascript,
    console.log("RUN");
`);

module = await import(String.raw`data:text/javascript,
    console.log("RUN");
`);
```
