---
source: crates/biome_js_analyze/tests/spec_tests.rs
expression: invalidClassProperty.js
snapshot_kind: text
---
# Input
```js
export default class {
    X

    "Y" = 0

    #X

    Initialized = 0

    #Initialized = 0

    PROPERTY

    #PROPERTY

    SpecialProperty

    #SpecialProperty

    special_property

    #special_property

    Unknown_Style

    #Unknown_Style

    Unknown_Init_Style = 0

    #Unknown_Init_Style = 0
}
```

# Diagnostics
```
invalidClassProperty.js:2:5 lint/style/useNamingConvention ━━━━━━━━━━━━━━━━━━━━━━━━━━━━━━━━━━━━━━━━━

  i This class property name should be in camelCase.
  
    1 │ export default class {
  > 2 │     X
      │     ^
    3 │ 
    4 │     "Y" = 0
  

```

```
invalidClassProperty.js:4:6 lint/style/useNamingConvention ━━━━━━━━━━━━━━━━━━━━━━━━━━━━━━━━━━━━━━━━━

  i This class property name part should be in camelCase.
  
    2 │     X
    3 │ 
  > 4 │     "Y" = 0
      │      ^
    5 │ 
    6 │     #X
  

```

```
invalidClassProperty.js:6:6 lint/style/useNamingConvention ━━━━━━━━━━━━━━━━━━━━━━━━━━━━━━━━━━━━━━━━━

  i This class property name should be in camelCase.
  
    4 │     "Y" = 0
    5 │ 
  > 6 │     #X
      │      ^
    7 │ 
    8 │     Initialized = 0
  

```

```
invalidClassProperty.js:8:5 lint/style/useNamingConvention ━━━━━━━━━━━━━━━━━━━━━━━━━━━━━━━━━━━━━━━━━

  i This class property name should be in camelCase.
  
     6 │     #X
     7 │ 
   > 8 │     Initialized = 0
       │     ^^^^^^^^^^^
     9 │ 
    10 │     #Initialized = 0
  

```

```
invalidClassProperty.js:10:6 lint/style/useNamingConvention ━━━━━━━━━━━━━━━━━━━━━━━━━━━━━━━━━━━━━━━━

  i This class property name should be in camelCase.
  
     8 │     Initialized = 0
     9 │ 
  > 10 │     #Initialized = 0
       │      ^^^^^^^^^^^
    11 │ 
    12 │     PROPERTY
  

```

```
invalidClassProperty.js:12:5 lint/style/useNamingConvention ━━━━━━━━━━━━━━━━━━━━━━━━━━━━━━━━━━━━━━━━

  i This class property name should be in camelCase.
  
    10 │     #Initialized = 0
    11 │ 
  > 12 │     PROPERTY
       │     ^^^^^^^^
    13 │ 
    14 │     #PROPERTY
  

```

```
invalidClassProperty.js:14:6 lint/style/useNamingConvention ━━━━━━━━━━━━━━━━━━━━━━━━━━━━━━━━━━━━━━━━

  i This class property name should be in camelCase.
  
    12 │     PROPERTY
    13 │ 
  > 14 │     #PROPERTY
       │      ^^^^^^^^
    15 │ 
    16 │     SpecialProperty
  

```

```
invalidClassProperty.js:16:5 lint/style/useNamingConvention ━━━━━━━━━━━━━━━━━━━━━━━━━━━━━━━━━━━━━━━━

  i This class property name should be in camelCase.
  
    14 │     #PROPERTY
    15 │ 
  > 16 │     SpecialProperty
       │     ^^^^^^^^^^^^^^^
    17 │ 
    18 │     #SpecialProperty
  

```

```
invalidClassProperty.js:18:6 lint/style/useNamingConvention ━━━━━━━━━━━━━━━━━━━━━━━━━━━━━━━━━━━━━━━━

  i This class property name should be in camelCase.
  
    16 │     SpecialProperty
    17 │ 
  > 18 │     #SpecialProperty
       │      ^^^^^^^^^^^^^^^
    19 │ 
    20 │     special_property
  

```

```
invalidClassProperty.js:20:5 lint/style/useNamingConvention ━━━━━━━━━━━━━━━━━━━━━━━━━━━━━━━━━━━━━━━━

  i This class property name should be in camelCase.
  
    18 │     #SpecialProperty
    19 │ 
  > 20 │     special_property
       │     ^^^^^^^^^^^^^^^^
    21 │ 
    22 │     #special_property
  

```

```
invalidClassProperty.js:22:6 lint/style/useNamingConvention ━━━━━━━━━━━━━━━━━━━━━━━━━━━━━━━━━━━━━━━━

  i This class property name should be in camelCase.
  
    20 │     special_property
    21 │ 
  > 22 │     #special_property
       │      ^^^^^^^^^^^^^^^^
    23 │ 
    24 │     Unknown_Style
  

```

```
invalidClassProperty.js:24:5 lint/style/useNamingConvention ━━━━━━━━━━━━━━━━━━━━━━━━━━━━━━━━━━━━━━━━

  i This class property name should be in camelCase.
  
    22 │     #special_property
    23 │ 
  > 24 │     Unknown_Style
       │     ^^^^^^^^^^^^^
    25 │ 
    26 │     #Unknown_Style
  

```

```
invalidClassProperty.js:26:6 lint/style/useNamingConvention ━━━━━━━━━━━━━━━━━━━━━━━━━━━━━━━━━━━━━━━━

  i This class property name should be in camelCase.
  
    24 │     Unknown_Style
    25 │ 
  > 26 │     #Unknown_Style
       │      ^^^^^^^^^^^^^
    27 │ 
    28 │     Unknown_Init_Style = 0
  

```

```
invalidClassProperty.js:28:5 lint/style/useNamingConvention ━━━━━━━━━━━━━━━━━━━━━━━━━━━━━━━━━━━━━━━━

  i This class property name should be in camelCase.
  
    26 │     #Unknown_Style
    27 │ 
  > 28 │     Unknown_Init_Style = 0
       │     ^^^^^^^^^^^^^^^^^^
    29 │ 
    30 │     #Unknown_Init_Style = 0
  

```

```
invalidClassProperty.js:30:6 lint/style/useNamingConvention ━━━━━━━━━━━━━━━━━━━━━━━━━━━━━━━━━━━━━━━━

  i This class property name should be in camelCase.
  
    28 │     Unknown_Init_Style = 0
    29 │ 
  > 30 │     #Unknown_Init_Style = 0
       │      ^^^^^^^^^^^^^^^^^^
    31 │ }
  

```
