---
source: crates/biome_yaml_parser/tests/spec_test.rs
expression: snapshot
---
## Input
```yaml
--- "a
...x
b"

```

## AST

```
YamlRoot {
    documents: YamlDocumentList [
        YamlDocument {
            bom_token: missing (optional),
            directives: YamlDirectiveList [],
            dashdashdash_token: DIRECTIVE_END@0..4 "---" [] [Whitespace(" ")],
            node: YamlFlowInBlockNode {
                flow_start_token: FLOW_START@4..4 "" [] [],
                flow: YamlFlowJsonNode {
                    properties: YamlPropertyList [],
                    content: YamlDoubleQuotedScalar {
                        value_token: DOUBLE_QUOTED_LITERAL@4..14 "\"a\n...x\nb\"" [] [],
                    },
                },
                flow_end_token: FLOW_END@14..14 "" [] [],
            },
            dotdotdot_token: missing (optional),
        },
    ],
    eof_token: EOF@14..15 "" [Newline("\n")] [],
}
```

## CST

```
0: YAML_ROOT@0..15
  0: YAML_DOCUMENT_LIST@0..14
    0: YAML_DOCUMENT@0..14
      0: (empty)
      1: YAML_DIRECTIVE_LIST@0..0
      2: DIRECTIVE_END@0..4 "---" [] [Whitespace(" ")]
      3: YAML_FLOW_IN_BLOCK_NODE@4..14
        0: FLOW_START@4..4 "" [] []
        1: YAML_FLOW_JSON_NODE@4..14
          0: YAML_PROPERTY_LIST@4..4
          1: YAML_DOUBLE_QUOTED_SCALAR@4..14
            0: DOUBLE_QUOTED_LITERAL@4..14 "\"a\n...x\nb\"" [] []
        2: FLOW_END@14..14 "" [] []
      4: (empty)
  1: EOF@14..15 "" [Newline("\n")] []

```
