---
source: crates/biome_module_graph/tests/spec_tests_v2.rs
expression: content
---

# `/src/index.ts`

## Source

```ts
export class Base {
	inherited: number;
}

export class Derived extends Base {
	static a: number;
	static keep: boolean;
	own: string;
}

export const { a, ...staticRest } = Derived;

export const derived: Derived = {} as Derived;
export const { inherited, ...instanceRest } = derived;

export const tuple = ["value", 1, true];
export const [first, ...tupleRest] = tuple;
```

## Inferred types

```
Binding Base "Base" => class "Base" {
  extends: none
  implements: []
  type_args: []
}

Binding Derived "Derived" => class "Derived" {
  extends: Base
  implements: []
  type_args: []
}

Expression "Base" => class "Base" {
  extends: none
  implements: []
  type_args: []
}

Binding a "a" => number

Binding staticRest "staticRest" => Object {
  prototype: No prototype
  members: [static "keep": boolean]
}

Expression "Derived" => class "Derived" {
  extends: Base
  implements: []
  type_args: []
}

Binding derived "derived" => instanceof Derived

Expression "{}" => Object {
  prototype: No prototype
  members: []
}

Expression "{} as Derived" => instanceof Derived

Binding inherited "inherited" => number

Binding instanceRest "instanceRest" => Object {
  prototype: No prototype
  members: ["own": string]
}

Expression "derived" => instanceof Derived

Binding tuple "tuple" => [string: value,
number: 1,
bool: true]

Expression "[\"value\", 1, true]" => [string: value,
number: 1,
bool: true]

Expression "\"value\"" => string: value

Expression "1" => number: 1

Expression "true" => bool: true

Binding first "first" => string: value

Binding tupleRest "tupleRest" => [number: 1,
bool: true]

Expression "tuple" => [string: value,
number: 1,
bool: true]
```
