---
source: crates/biome_module_graph/tests/spec_tests_v2.rs
expression: content
---

# `/src/index.ts`

## Source

```ts
export function unwrap<T>(cb: () => T | Promise<T>): T {
	return undefined as T;
}

export function readNumber(): Promise<number> {
	return Promise.resolve(1);
}
```

## Inferred types

```
Binding unwrap "unwrap" => sync Function "unwrap" {
  accepts: {
    params: [
      required cb: sync Function {
        accepts: {
          params: []
          type_args: []
        }
        returns: instanceof T | instanceof Promise<instanceof T>
      }
    ]
    type_args: [T]
  }
  returns: instanceof T
}

Binding T "T" => T

Binding cb "cb" => sync Function {
  accepts: {
    params: []
    type_args: []
  }
  returns: instanceof T | instanceof Promise<instanceof T>
}

Expression "undefined" => undefined

Expression "undefined as T" => instanceof T

Binding readNumber "readNumber" => sync Function "readNumber" {
  accepts: {
    params: []
    type_args: []
  }
  returns: instanceof Promise<number>
}

Expression "Promise" => class "Promise" {
  extends: none
  implements: []
  type_args: [T]
}

Expression "Promise.resolve" => sync Function "resolve" {
  accepts: {
    params: [
      required value: TResolveValue
    ]
    type_args: [TResolveValue]
  }
  returns: instanceof Promise<TResolveValue>
}

Expression "Promise.resolve(1)" => instanceof Promise<number: 1>

Expression "1" => number: 1
```
