---
source: crates/biome_formatter_test/src/snapshot_builder.rs
info: markdown/inline_image.md
---

# Input

```md
![alt text](image.png)

![alt text](image.png "title")

![](image.png)

![alt text](image.png "title with spaces")

![  alt with spaces  ](image.png)

![alt](  image.png  )

![alt text](image.png   "title")

![alt](./relative/path/to/image.png)

![alt](https://example.com/image.png)

![alt](https://example.com/image.png "Image Title")

![a]( b )

![This is a long alt text that describes the image in great detail for accessibility purposes](https://example.com/very/long/path/to/some/deeply/nested/image.png "And a long title too")

![alt with **bold** and *italic*](image.png)

![alt with `code`](image.png)

![alt with `code`](<url>)

```


# Formatted

```md
![alt text](image.png)

![alt text](image.png "title")

![](image.png)

![alt text](image.png "title with spaces")

![  alt with spaces  ](image.png)

![alt](image.png)

![alt text](image.png "title")

![alt](./relative/path/to/image.png)

![alt](https://example.com/image.png)

![alt](https://example.com/image.png "Image Title")

![a](b)

![This is a long alt text that describes the image in great detail for accessibility purposes](https://example.com/very/long/path/to/some/deeply/nested/image.png "And a long title too")

![alt with **bold** and _italic_](image.png)

![alt with `code`](image.png)

![alt with `code`](url)

```

# Lines exceeding max width of 80 characters
```
   23: ![This is a long alt text that describes the image in great detail for accessibility purposes](https://example.com/very/long/path/to/some/deeply/nested/image.png "And a long title too")
```
