---
source: crates/biome_js_analyze/tests/spec_tests.rs
expression: invalidDefaultOmitted.js
---
# Input
```jsx
switch (a) {
	case 1:
		break;
	// default omitted intentionally
	// TODO: add default case
}

```

# Diagnostics
```
invalidDefaultOmitted.js:1:1 lint/nursery/useDefaultCase ━━━━━━━━━━━━━━━━━━━━━━━━━━━━━━━━━━━━━━━━━━━

  ! Expected a default case.
  
  > 1 │ switch (a) {
      │ ^^^^^^^^^^^^
  > 2 │ 	case 1:
  > 3 │ 		break;
  > 4 │ 	// default omitted intentionally
  > 5 │ 	// TODO: add default case
  > 6 │ }
      │ ^
    7 │ 
  
  i The lack of a default clause can result in unexpected behaviors in your code.
  
  i Consider adding a default clause or a comment explicitly stating that the default clause is not required, following the regex `/default omitted/`.
  

```
