---
source: crates/biome_js_analyze/tests/spec_tests.rs
expression: invalidCustomInputComponents.jsx
snapshot_kind: text
---
# Input
```jsx
<label><span><CustomInput /></span></label>;

```

# Diagnostics
```
invalidCustomInputComponents.jsx:1:1 lint/a11y/noLabelWithoutControl ━━━━━━━━━━━━━━━━━━━━━━━━━━━━━━━

  × A form label must be associated with an input.
  
  > 1 │ <label><span><CustomInput /></span></label>;
      │ ^^^^^^^^^^^^^^^^^^^^^^^^^^^^^^^^^^^^^^^^^^^
    2 │ 
  
  i Consider adding an accessible text content to the label element.
  

```
