---
source: crates/biome_js_analyze/tests/spec_tests.rs
expression: valid.js
---
# Input
```js
/* should not generate diagnostics */
import { ref, computed } from "vue";
import defineComponent from "vue";
import * as Vue from "vue";
import { defineProps } from "not-vue";
import { defineEmits } from "@vue/runtime-core";
import { defineSlots, withDefaults as defaults } from "@vue/runtime-dom";

const props = defineProps({});
const count = ref(0);
const doubled = computed(() => count.value * 2);
defaults(defineProps({}), {});
defineEmits([]);
defineSlots();

```
