---
source: crates/biome_js_analyze/tests/spec_tests.rs
expression: invalidObjectAssign.vue
---
# Input
```vue
<script setup>
import { computed } from 'vue'

const state = useState()

const inline = computed(() => Object.assign(state.data, { extra: 'value' }))
const returned = computed(() => {
  return Object.assign(state.user, state.updates)
})
const throughGlobalThis = computed(() =>
  globalThis.Object.assign(state.settings, { theme: 'dark' }),
)
</script>

```

# Diagnostics
```
invalidObjectAssign.vue:6:31 lint/nursery/noVueSideEffectsInComputed ━━━━━━━━━━━━━━━━━━━━━━━━━━━━━━━

  × This mutates state inside a computed getter.
  
    4 │ const state = useState()
    5 │ 
  > 6 │ const inline = computed(() => Object.assign(state.data, { extra: 'value' }))
      │                               ^^^^^^^^^^^^^^^^^^^^^^^^^^^^^^^^^^^^^^^^^^^^^
    7 │ const returned = computed(() => {
    8 │   return Object.assign(state.user, state.updates)
  
  i A computed value is cached and recomputed only when a dependency changes, so the getter does not run a predictable number of times — and neither does this mutation.
  
  i Derive the value instead of mutating: copy before reordering, with slice() or toReversed(). If the write is the point, move it to a watcher, a method, or the computed property's own setter.
  
  i This rule belongs to the nursery group, which means it is not yet stable and may change in the future. Visit https://biomejs.dev/linter/#nursery for more information.
  

```

```
invalidObjectAssign.vue:8:10 lint/nursery/noVueSideEffectsInComputed ━━━━━━━━━━━━━━━━━━━━━━━━━━━━━━━

  × This mutates state inside a computed getter.
  
     6 │ const inline = computed(() => Object.assign(state.data, { extra: 'value' }))
     7 │ const returned = computed(() => {
   > 8 │   return Object.assign(state.user, state.updates)
       │          ^^^^^^^^^^^^^^^^^^^^^^^^^^^^^^^^^^^^^^^^
     9 │ })
    10 │ const throughGlobalThis = computed(() =>
  
  i A computed value is cached and recomputed only when a dependency changes, so the getter does not run a predictable number of times — and neither does this mutation.
  
  i Derive the value instead of mutating: copy before reordering, with slice() or toReversed(). If the write is the point, move it to a watcher, a method, or the computed property's own setter.
  
  i This rule belongs to the nursery group, which means it is not yet stable and may change in the future. Visit https://biomejs.dev/linter/#nursery for more information.
  

```

```
invalidObjectAssign.vue:11:3 lint/nursery/noVueSideEffectsInComputed ━━━━━━━━━━━━━━━━━━━━━━━━━━━━━━━

  × This mutates state inside a computed getter.
  
     9 │ })
    10 │ const throughGlobalThis = computed(() =>
  > 11 │   globalThis.Object.assign(state.settings, { theme: 'dark' }),
       │   ^^^^^^^^^^^^^^^^^^^^^^^^^^^^^^^^^^^^^^^^^^^^^^^^^^^^^^^^^^^
    12 │ )
    13 │ </script>
  
  i A computed value is cached and recomputed only when a dependency changes, so the getter does not run a predictable number of times — and neither does this mutation.
  
  i Derive the value instead of mutating: copy before reordering, with slice() or toReversed(). If the write is the point, move it to a watcher, a method, or the computed property's own setter.
  
  i This rule belongs to the nursery group, which means it is not yet stable and may change in the future. Visit https://biomejs.dev/linter/#nursery for more information.
  

```
