---
source: crates/biome_formatter_test/src/snapshot_builder.rs
info: vue/vue/template-lang.vue
---

# Input

```vue
<template lang="pug">
  .test
    #foo
  .bla
</template>

<template 


   
   lang='pug'>
  .test
    #foo
  .bla
</template>

<template lang="unknown">
  #container
    some-component(tag='<some-tag>')
</template>

<template lang="">
  <v-app-bar>
    <v-menu offset-y>
      <template></template>
    </v-menu>
  </v-app-bar>
</template>

<template lang>
  <v-app-bar>
    <v-menu offset-y>
      <template></template>
    </v-menu>
  </v-app-bar>
</template>

```


# Errors
```
template-lang.vue:20:1 parse ━━━━━━━━━━━━━━━━━━━━━━━━━━━━━━━━━━━━━━━━━━━━━━━━━━━━━━━━━━━━━━━━━━━━━━━

  × Expected a matching closing tag but instead found '</template>'.
  
    18 │   #container
    19 │     some-component(tag='<some-tag>')
  > 20 │ </template>
       │ ^^^^^^^^^^^
    21 │ 
    22 │ <template lang="">
  
  i Expected a matching closing tag here.
  
    18 │   #container
    19 │     some-component(tag='<some-tag>')
  > 20 │ </template>
       │ ^^^^^^^^^^^
    21 │ 
    22 │ <template lang="">
  
template-lang.vue:37:1 parse ━━━━━━━━━━━━━━━━━━━━━━━━━━━━━━━━━━━━━━━━━━━━━━━━━━━━━━━━━━━━━━━━━━━━━━━

  × Expected a closing tag but instead found the end of the file.
  
    35 │   </v-app-bar>
    36 │ </template>
  > 37 │ 
       │ 
  
  i Expected a closing tag here.
  
    35 │   </v-app-bar>
    36 │ </template>
  > 37 │ 
       │ 
  

```

# Error
```text
format: Can't format code because it contains syntax errors
```
