---
source: crates/biome_html_analyze/tests/spec_tests.rs
expression: valid.vue
---
# Input
```vue
<!-- should not generate diagnostics -->
<template>
	<Button />
	<Menuitem />
	<button><Icon /></button>
	<button><Icon></Icon></button>
	<button><my-widget /></button>

	<!-- A dynamic value is assumed to supply a label. -->
	<button>{{ label }}</button>
	<button><span>{{ label }}</span></button>
	<button :aria-label="labelValue"></button>
	<button :aria-labelledby="labelId"></button>
	<button :title="titleValue"></button>
</template>

```
