---
source: crates/biome_formatter_test/src/snapshot_builder.rs
info: css/atrule/function.css
---
# Input

```css
@function  --test     ( --param1     ) { }
@function  --test     ( --param1   <string>  ) { }
@function  --test     ( --param1   <string>   : rem  ) { }
@function  --test     ( --param1   <string>   : rem  )    returns    <string> { }



@function  --test     ( --param1   <string>   : rem , --param2 )    returns    <string> { }


@function  --test(--param   : rem     ,--param,--param,--param,--param,--param,--param,--param,--param,--param,--param,--param,--param,--param,--param,--param,--param,--param,--param,--param,--param,--param,--param,--param,--param,--param,--param,--param) { }

@function --test(
	--param: type(

	<angle> | <color> | <custom-ident> | <image> | <integer> | <length> | <length-percentage>
)
) { }

```


=============================

# Outputs

## Output 1

-----
Indent style: Tab
Indent width: 2
Line ending: LF
Line width: 80
Quote style: Double Quotes
-----

```css
@function --test(--param1) {
}
@function --test(--param1 <string>) {
}
@function --test(--param1 <string>: rem) {
}
@function --test(--param1 <string>: rem) returns <string> {
}

@function --test(--param1   <string>   : rem , --param2) returns <string> {
}

@function --test(
	--param   : rem     ,--param,--param,--param,--param,--param,--param,--param,--param,--param,--param,--param,--param,--param,--param,--param,--param,--param,--param,--param,--param,--param,--param,--param,--param,--param,--param,--param,
) {
}

@function --test(
	--param: type(

	<angle> | <color> | <custom-ident> | <image> | <integer> | <length> | <length-percentage>
),
) {
}
```

# Lines exceeding max width of 80 characters
```
   14: 	--param   : rem     ,--param,--param,--param,--param,--param,--param,--param,--param,--param,--param,--param,--param,--param,--param,--param,--param,--param,--param,--param,--param,--param,--param,--param,--param,--param,--param,--param,
   21: 	<angle> | <color> | <custom-ident> | <image> | <integer> | <length> | <length-percentage>
```
