---
source: crates/biome_yaml_parser/tests/spec_test.rs
expression: snapshot
---
## Input
```yaml
"123"
...
xyz: 123
... # trivia
...
abc

```

## AST

```
YamlRoot {
    documents: YamlDocumentList [
        YamlDocument {
            bom_token: missing (optional),
            directives: YamlDirectiveList [],
            dashdashdash_token: missing (optional),
            node: YamlFlowInBlockNode {
                flow_start_token: FLOW_START@0..0 "" [] [],
                flow: YamlFlowJsonNode {
                    properties: YamlPropertyList [],
                    content: YamlDoubleQuotedScalar {
                        value_token: DOUBLE_QUOTED_LITERAL@0..5 "\"123\"" [] [],
                    },
                },
                flow_end_token: FLOW_END@5..5 "" [] [],
            },
            dotdotdot_token: DOC_END@5..9 "..." [Newline("\n")] [],
        },
        YamlDocument {
            bom_token: missing (optional),
            directives: YamlDirectiveList [],
            dashdashdash_token: missing (optional),
            node: YamlBlockInBlockNode {
                properties: YamlPropertyList [],
                content: YamlBlockMapping {
                    mapping_start_token: MAPPING_START@9..10 "" [Newline("\n")] [],
                    entries: YamlBlockMapEntryList [
                        YamlBlockMapImplicitEntry {
                            key: YamlFlowYamlNode {
                                properties: YamlPropertyList [],
                                content: YamlPlainScalar {
                                    value_token: PLAIN_LITERAL@10..13 "xyz" [] [],
                                },
                            },
                            colon_token: COLON@13..15 ":" [] [Whitespace(" ")],
                            value: YamlFlowInBlockNode {
                                flow_start_token: FLOW_START@15..15 "" [] [],
                                flow: YamlFlowYamlNode {
                                    properties: YamlPropertyList [],
                                    content: YamlPlainScalar {
                                        value_token: PLAIN_LITERAL@15..18 "123" [] [],
                                    },
                                },
                                flow_end_token: FLOW_END@18..18 "" [] [],
                            },
                        },
                    ],
                    mapping_end_token: MAPPING_END@18..19 "" [Newline("\n")] [],
                },
            },
            dotdotdot_token: DOC_END@19..31 "..." [] [Whitespace(" "), Comments("# trivia")],
        },
        YamlDocument {
            bom_token: missing (optional),
            directives: YamlDirectiveList [],
            dashdashdash_token: missing (optional),
            node: missing (optional),
            dotdotdot_token: DOC_END@31..35 "..." [Newline("\n")] [],
        },
        YamlDocument {
            bom_token: missing (optional),
            directives: YamlDirectiveList [],
            dashdashdash_token: missing (optional),
            node: YamlFlowInBlockNode {
                flow_start_token: FLOW_START@35..36 "" [Newline("\n")] [],
                flow: YamlFlowYamlNode {
                    properties: YamlPropertyList [],
                    content: YamlPlainScalar {
                        value_token: PLAIN_LITERAL@36..40 "abc\n" [] [],
                    },
                },
                flow_end_token: FLOW_END@40..40 "" [] [],
            },
            dotdotdot_token: missing (optional),
        },
    ],
    eof_token: EOF@40..40 "" [] [],
}
```

## CST

```
0: YAML_ROOT@0..40
  0: YAML_DOCUMENT_LIST@0..40
    0: YAML_DOCUMENT@0..9
      0: (empty)
      1: YAML_DIRECTIVE_LIST@0..0
      2: (empty)
      3: YAML_FLOW_IN_BLOCK_NODE@0..5
        0: FLOW_START@0..0 "" [] []
        1: YAML_FLOW_JSON_NODE@0..5
          0: YAML_PROPERTY_LIST@0..0
          1: YAML_DOUBLE_QUOTED_SCALAR@0..5
            0: DOUBLE_QUOTED_LITERAL@0..5 "\"123\"" [] []
        2: FLOW_END@5..5 "" [] []
      4: DOC_END@5..9 "..." [Newline("\n")] []
    1: YAML_DOCUMENT@9..31
      0: (empty)
      1: YAML_DIRECTIVE_LIST@9..9
      2: (empty)
      3: YAML_BLOCK_IN_BLOCK_NODE@9..19
        0: YAML_PROPERTY_LIST@9..9
        1: YAML_BLOCK_MAPPING@9..19
          0: MAPPING_START@9..10 "" [Newline("\n")] []
          1: YAML_BLOCK_MAP_ENTRY_LIST@10..18
            0: YAML_BLOCK_MAP_IMPLICIT_ENTRY@10..18
              0: YAML_FLOW_YAML_NODE@10..13
                0: YAML_PROPERTY_LIST@10..10
                1: YAML_PLAIN_SCALAR@10..13
                  0: PLAIN_LITERAL@10..13 "xyz" [] []
              1: COLON@13..15 ":" [] [Whitespace(" ")]
              2: YAML_FLOW_IN_BLOCK_NODE@15..18
                0: FLOW_START@15..15 "" [] []
                1: YAML_FLOW_YAML_NODE@15..18
                  0: YAML_PROPERTY_LIST@15..15
                  1: YAML_PLAIN_SCALAR@15..18
                    0: PLAIN_LITERAL@15..18 "123" [] []
                2: FLOW_END@18..18 "" [] []
          2: MAPPING_END@18..19 "" [Newline("\n")] []
      4: DOC_END@19..31 "..." [] [Whitespace(" "), Comments("# trivia")]
    2: YAML_DOCUMENT@31..35
      0: (empty)
      1: YAML_DIRECTIVE_LIST@31..31
      2: (empty)
      3: (empty)
      4: DOC_END@31..35 "..." [Newline("\n")] []
    3: YAML_DOCUMENT@35..40
      0: (empty)
      1: YAML_DIRECTIVE_LIST@35..35
      2: (empty)
      3: YAML_FLOW_IN_BLOCK_NODE@35..40
        0: FLOW_START@35..36 "" [Newline("\n")] []
        1: YAML_FLOW_YAML_NODE@36..40
          0: YAML_PROPERTY_LIST@36..36
          1: YAML_PLAIN_SCALAR@36..40
            0: PLAIN_LITERAL@36..40 "abc\n" [] []
        2: FLOW_END@40..40 "" [] []
      4: (empty)
  1: EOF@40..40 "" [] []

```
