---
source: crates/biome_js_analyze/tests/spec_tests.rs
assertion_line: 152
expression: invalid.js
---
# Input
```js
/* should generate diagnostics */
var a = 1;
a = 2;
a = 3;
```

# Diagnostics
```
invalid.js:2:5 lint/nursery/useVueConsistentDefinePropsDeclaration ━━━━━━━━━━━━━━━━━━━━━━━━━━━━━━━━━

  i Variable is read here.
  
    1 │ /* should generate diagnostics */
  > 2 │ var a = 1;
      │     ^
    3 │ a = 2;
    4 │ a = 3;
  
  i This note will give you more information.
  

```
