---
source: crates/biome_formatter_test/src/snapshot_builder.rs
info: css/front-matter/custom-parser.css
snapshot_kind: text
---
# Input

```css
---mycustomparser
title: Title
description: Description
---
/* comment */
.something 
{}

```


# Prettier differences

```diff
--- Prettier
+++ Biome
@@ -1,8 +1,7 @@
 ---mycustomparser
-title: Title
-description: Description
----
-
-/* comment */
-.something {
+  title:Title
+  description:Description
+  ---
+  /* comment */
+  .something {
 }
```

# Output

```css
---mycustomparser
  title:Title
  description:Description
  ---
  /* comment */
  .something {
}
```
