---
source: crates/biome_js_analyze/tests/spec_tests.rs
expression: valid.js
snapshot_kind: text
---
# Input
```js
import A from "" with { type: "json" };
import * as B from "" with { type: "json" };
import { C } from "" with { type: "json" };
import D, * as E from "" with { type: "json" };
import F, { G } from "" with { type: "json" };

export { A } from "" with { type: "json" };
export * as B from "" with { type: "json" };
export { E, F } from "" with { type: "json" };
```
